[8D78:34A8][2026-05-11T22:09:20]i001: Burn v3.11.1.2318, Windows v10.0 (Build 26200: Service Pack 0), path: C:\Users\nadee\AppData\Local\Temp\{6F112A98-261C-40DD-829A-D6CAE431BC41}\.cr\python-3.10.11-amd64.exe
[8D78:34A8][2026-05-11T22:09:20]i000: Initializing string variable 'ActionLikeInstalling' to value 'Installing'
[8D78:34A8][2026-05-11T22:09:20]i000: Initializing string variable 'ActionLikeInstallation' to value 'Setup'
[8D78:34A8][2026-05-11T22:09:20]i000: Initializing string variable 'ShortVersion' to value '3.10'
[8D78:34A8][2026-05-11T22:09:20]i000: Initializing numeric variable 'ShortVersionNoDot' to value '310'
[8D78:34A8][2026-05-11T22:09:20]i000: Initializing string variable 'WinVer' to value '3.10'
[8D78:34A8][2026-05-11T22:09:20]i000: Initializing numeric variable 'WinVerNoDot' to value '310'
[8D78:34A8][2026-05-11T22:09:20]i000: Initializing numeric variable 'InstallAllUsers' to value '0'
[8D78:34A8][2026-05-11T22:09:20]i000: Initializing numeric variable 'InstallLauncherAllUsers' to value '1'
[8D78:34A8][2026-05-11T22:09:20]i000: Initializing string variable 'TargetDir' to value ''
[8D78:34A8][2026-05-11T22:09:20]i000: Initializing string variable 'DefaultAllUsersTargetDir' to value '[ProgramFiles64Folder]Python[WinVerNoDot]'
[8D78:34A8][2026-05-11T22:09:20]i000: Initializing string variable 'TargetPlatform' to value 'x64'
[8D78:34A8][2026-05-11T22:09:20]i000: Initializing string variable 'DefaultJustForMeTargetDir' to value '[LocalAppDataFolder]Programs\Python\Python[WinVerNoDot]'
[8D78:34A8][2026-05-11T22:09:20]i000: Initializing string variable 'OptionalFeaturesRegistryKey' to value 'Software\Python\PythonCore\[WinVer]\InstalledFeatures'
[8D78:34A8][2026-05-11T22:09:20]i000: Initializing string variable 'TargetDirRegistryKey' to value 'Software\Python\PythonCore\[WinVer]\InstallPath'
[8D78:34A8][2026-05-11T22:09:20]i000: Initializing string variable 'DefaultCustomTargetDir' to value ''
[8D78:34A8][2026-05-11T22:09:20]i000: Initializing string variable 'InstallAllUsersState' to value 'enabled'
[8D78:34A8][2026-05-11T22:09:20]i000: Initializing string variable 'InstallLauncherAllUsersState' to value 'enabled'
[8D78:34A8][2026-05-11T22:09:20]i000: Initializing string variable 'CustomInstallLauncherAllUsersState' to value '[InstallLauncherAllUsersState]'
[8D78:34A8][2026-05-11T22:09:20]i000: Initializing string variable 'TargetDirState' to value 'enabled'
[8D78:34A8][2026-05-11T22:09:20]i000: Initializing string variable 'CustomBrowseButtonState' to value 'enabled'
[8D78:34A8][2026-05-11T22:09:20]i000: Initializing numeric variable 'Include_core' to value '1'
[8D78:34A8][2026-05-11T22:09:20]i000: Initializing numeric variable 'Include_exe' to value '1'
[8D78:34A8][2026-05-11T22:09:20]i000: Initializing numeric variable 'Include_dev' to value '1'
[8D78:34A8][2026-05-11T22:09:20]i000: Initializing numeric variable 'Include_lib' to value '1'
[8D78:34A8][2026-05-11T22:09:20]i000: Initializing numeric variable 'Include_test' to value '1'
[8D78:34A8][2026-05-11T22:09:20]i000: Initializing numeric variable 'Include_doc' to value '1'
[8D78:34A8][2026-05-11T22:09:20]i000: Initializing numeric variable 'Include_tools' to value '1'
[8D78:34A8][2026-05-11T22:09:20]i000: Initializing numeric variable 'Include_tcltk' to value '1'
[8D78:34A8][2026-05-11T22:09:20]i000: Initializing numeric variable 'Include_pip' to value '1'
[8D78:34A8][2026-05-11T22:09:20]i000: Initializing numeric variable 'Include_launcher' to value '-1'
[8D78:34A8][2026-05-11T22:09:20]i000: Initializing string variable 'Include_launcherState' to value 'enabled'
[8D78:34A8][2026-05-11T22:09:20]i000: Initializing numeric variable 'Include_symbols' to value '0'
[8D78:34A8][2026-05-11T22:09:20]i000: Initializing numeric variable 'Include_debug' to value '0'
[8D78:34A8][2026-05-11T22:09:20]i000: Initializing numeric variable 'LauncherOnly' to value '0'
[8D78:34A8][2026-05-11T22:09:20]i000: Initializing numeric variable 'DetectedLauncher' to value '0'
[8D78:34A8][2026-05-11T22:09:20]i000: Initializing numeric variable 'DetectedOldLauncher' to value '0'
[8D78:34A8][2026-05-11T22:09:20]i000: Initializing numeric variable 'AssociateFiles' to value '1'
[8D78:34A8][2026-05-11T22:09:20]i000: Initializing numeric variable 'Shortcuts' to value '1'
[8D78:34A8][2026-05-11T22:09:20]i000: Initializing numeric variable 'PrependPath' to value '0'
[8D78:34A8][2026-05-11T22:09:20]i000: Initializing numeric variable 'CompileAll' to value '0'
[8D78:34A8][2026-05-11T22:09:20]i000: Initializing numeric variable 'SimpleInstall' to value '0'
[8D78:34A8][2026-05-11T22:09:20]i000: Initializing string variable 'SimpleInstallDescription' to value ''
[8D78:34A8][2026-05-11T22:09:20]i009: Command Line: '-burn.clean.room=C:\Users\nadee\Downloads\Emotion-Recognition\python-3.10.11-amd64.exe -burn.filehandle.attached=628 -burn.filehandle.self=760 /quiet InstallAllUsers=0 TargetDir=C:\Users\nadee\Downloads\Emotion-Recognition\python310 Include_pip=1 Include_launcher=0 PrependPath=0 /log python310-install.log'
[8D78:34A8][2026-05-11T22:09:20]i000: Setting string variable 'WixBundleOriginalSource' to value 'C:\Users\nadee\Downloads\Emotion-Recognition\python-3.10.11-amd64.exe'
[8D78:34A8][2026-05-11T22:09:20]i000: Setting string variable 'WixBundleOriginalSourceFolder' to value 'C:\Users\nadee\Downloads\Emotion-Recognition\'
[8D78:34A8][2026-05-11T22:09:20]i000: Setting string variable 'WixBundleLog' to value 'C:\Users\nadee\Downloads\Emotion-Recognition\python310-install.log'
[8D78:34A8][2026-05-11T22:09:20]i000: Setting string variable 'WixBundleManufacturer' to value 'Python Software Foundation'
[8D78:34A8][2026-05-11T22:09:20]i000: Setting numeric variable 'CRTInstalled' to value 1
[8D78:ACD4][2026-05-11T22:09:20]i000: Setting numeric variable 'Include_launcher' to value 0
[8D78:ACD4][2026-05-11T22:09:20]i000: Setting numeric variable 'AssociateFiles' to value 0
[8D78:ACD4][2026-05-11T22:09:20]i000: Setting numeric variable 'Include_debug' to value 0
[8D78:ACD4][2026-05-11T22:09:20]i000: Setting numeric variable 'Include_symbols' to value 0
[8D78:ACD4][2026-05-11T22:09:20]i000: Setting numeric variable 'Include_dev' to value 1
[8D78:ACD4][2026-05-11T22:09:20]i000: Setting numeric variable 'Include_doc' to value 1
[8D78:ACD4][2026-05-11T22:09:20]i000: Setting numeric variable 'Include_exe' to value 1
[8D78:ACD4][2026-05-11T22:09:20]i000: Setting numeric variable 'Include_lib' to value 1
[8D78:ACD4][2026-05-11T22:09:20]i000: Setting numeric variable 'PrependPath' to value 0
[8D78:ACD4][2026-05-11T22:09:20]i000: Setting numeric variable 'Include_pip' to value 1
[8D78:ACD4][2026-05-11T22:09:20]i000: Setting numeric variable 'Include_tcltk' to value 1
[8D78:ACD4][2026-05-11T22:09:20]i000: Setting numeric variable 'Include_test' to value 1
[8D78:ACD4][2026-05-11T22:09:20]i000: Setting numeric variable 'Include_tools' to value 1
[8D78:ACD4][2026-05-11T22:09:20]i000: Setting numeric variable 'Shortcuts' to value 1
[8D78:ACD4][2026-05-11T22:09:20]i000: Setting string variable 'InstallAllUsersState' to value 'disable'
[8D78:ACD4][2026-05-11T22:09:20]i000: Setting string variable 'TargetDir' to value 'C:\Users\nadee\AppData\Local\Programs\Python\Python310\'
[8D78:ACD4][2026-05-11T22:09:20]i000: Did not find C:\Users\nadee\AppData\Local\Temp\WinGet\Python.Python.3.10.3.10.11\unattend.xml
[8D78:ACD4][2026-05-11T22:09:20]i000: Setting numeric variable 'InstallAllUsers' to value 0
[8D78:ACD4][2026-05-11T22:09:20]i000: Setting string variable 'TargetDir' to value 'C:\Users\nadee\Downloads\Emotion-Recognition\python310'
[8D78:ACD4][2026-05-11T22:09:20]i000: Setting numeric variable 'Include_pip' to value 1
[8D78:ACD4][2026-05-11T22:09:20]i000: Setting numeric variable 'Include_launcher' to value 0
[8D78:ACD4][2026-05-11T22:09:20]i000: Setting numeric variable 'PrependPath' to value 0
[8D78:ACD4][2026-05-11T22:09:21]i000: Setting string variable 'ActionLikeInstalling' to value 'Updating'
[8D78:ACD4][2026-05-11T22:09:21]i000: Setting string variable 'ActionLikeInstallation' to value 'Modify'
[8D78:ACD4][2026-05-11T22:09:21]i000: Setting version variable 'WixBundleFileVersion' to value '3.10.11150.0'
[8D78:ACD4][2026-05-11T22:09:21]i000: Target OS is Windows 10 or later
[8D78:34A8][2026-05-11T22:09:21]i100: Detect begin, 52 packages
[8D78:34A8][2026-05-11T22:09:21]i103: Detected related package: {D1C302AD-2299-4673-987E-4BE725979548}, scope: PerMachine, version: 3.14.3150.0, language: 0 operation: Downgrade
[8D78:34A8][2026-05-11T22:09:21]i000: Setting numeric variable 'InstallLauncherAllUsers' to value 1
[8D78:34A8][2026-05-11T22:09:21]i103: Detected related package: {D1C302AD-2299-4673-987E-4BE725979548}, scope: PerMachine, version: 3.14.3150.0, language: 0 operation: Downgrade
[8D78:34A8][2026-05-11T22:09:21]i000: Setting numeric variable 'InstallLauncherAllUsers' to value 0
[8D78:34A8][2026-05-11T22:09:21]i101: Detected package: ucrt_AllUsers, state: Absent, cached: None
[8D78:34A8][2026-05-11T22:09:21]i101: Detected package: ucrt_JustForMe, state: Absent, cached: None
[8D78:34A8][2026-05-11T22:09:21]i101: Detected package: core_AllUsers, state: Absent, cached: None
[8D78:34A8][2026-05-11T22:09:21]i101: Detected package: core_AllUsers_pdb, state: Absent, cached: None
[8D78:34A8][2026-05-11T22:09:21]i101: Detected package: core_AllUsers_d, state: Absent, cached: None
[8D78:34A8][2026-05-11T22:09:21]i101: Detected package: core_JustForMe, state: Present, cached: Complete
[8D78:34A8][2026-05-11T22:09:21]i101: Detected package: core_JustForMe_pdb, state: Absent, cached: None
[8D78:34A8][2026-05-11T22:09:21]i101: Detected package: core_JustForMe_d, state: Absent, cached: None
[8D78:34A8][2026-05-11T22:09:21]i101: Detected package: exe_AllUsers, state: Absent, cached: None
[8D78:34A8][2026-05-11T22:09:21]i104: Detected package: exe_AllUsers, feature: DefaultFeature, state: Absent
[8D78:34A8][2026-05-11T22:09:21]i104: Detected package: exe_AllUsers, feature: Shortcuts, state: Absent
[8D78:34A8][2026-05-11T22:09:21]i101: Detected package: exe_AllUsers_pdb, state: Absent, cached: None
[8D78:34A8][2026-05-11T22:09:21]i101: Detected package: exe_AllUsers_d, state: Absent, cached: None
[8D78:34A8][2026-05-11T22:09:21]i101: Detected package: exe_JustForMe, state: Present, cached: Complete
[8D78:34A8][2026-05-11T22:09:21]i104: Detected package: exe_JustForMe, feature: DefaultFeature, state: Local
[8D78:34A8][2026-05-11T22:09:21]i104: Detected package: exe_JustForMe, feature: Shortcuts, state: Local
[8D78:34A8][2026-05-11T22:09:21]i101: Detected package: exe_JustForMe_pdb, state: Absent, cached: None
[8D78:34A8][2026-05-11T22:09:21]i101: Detected package: exe_JustForMe_d, state: Absent, cached: None
[8D78:34A8][2026-05-11T22:09:21]i101: Detected package: dev_AllUsers, state: Absent, cached: None
[8D78:34A8][2026-05-11T22:09:21]i101: Detected package: dev_AllUsers_d, state: Absent, cached: None
[8D78:34A8][2026-05-11T22:09:21]i101: Detected package: dev_JustForMe, state: Present, cached: Complete
[8D78:34A8][2026-05-11T22:09:21]i101: Detected package: dev_JustForMe_d, state: Absent, cached: None
[8D78:34A8][2026-05-11T22:09:21]i101: Detected package: lib_AllUsers, state: Absent, cached: None
[8D78:34A8][2026-05-11T22:09:21]i101: Detected package: lib_AllUsers_pdb, state: Absent, cached: None
[8D78:34A8][2026-05-11T22:09:21]i101: Detected package: lib_AllUsers_d, state: Absent, cached: None
[8D78:34A8][2026-05-11T22:09:21]i101: Detected package: lib_JustForMe, state: Present, cached: Complete
[8D78:34A8][2026-05-11T22:09:21]i101: Detected package: lib_JustForMe_pdb, state: Absent, cached: None
[8D78:34A8][2026-05-11T22:09:21]i101: Detected package: lib_JustForMe_d, state: Absent, cached: None
[8D78:34A8][2026-05-11T22:09:21]i101: Detected package: test_AllUsers, state: Absent, cached: None
[8D78:34A8][2026-05-11T22:09:21]i101: Detected package: test_AllUsers_pdb, state: Absent, cached: None
[8D78:34A8][2026-05-11T22:09:21]i101: Detected package: test_AllUsers_d, state: Absent, cached: None
[8D78:34A8][2026-05-11T22:09:21]i101: Detected package: test_JustForMe, state: Present, cached: Complete
[8D78:34A8][2026-05-11T22:09:21]i101: Detected package: test_JustForMe_pdb, state: Absent, cached: None
[8D78:34A8][2026-05-11T22:09:21]i101: Detected package: test_JustForMe_d, state: Absent, cached: None
[8D78:34A8][2026-05-11T22:09:21]i101: Detected package: doc_AllUsers, state: Absent, cached: None
[8D78:34A8][2026-05-11T22:09:21]i104: Detected package: doc_AllUsers, feature: DefaultFeature, state: Absent
[8D78:34A8][2026-05-11T22:09:21]i104: Detected package: doc_AllUsers, feature: Shortcuts, state: Absent
[8D78:34A8][2026-05-11T22:09:21]i101: Detected package: doc_JustForMe, state: Present, cached: Complete
[8D78:34A8][2026-05-11T22:09:21]i104: Detected package: doc_JustForMe, feature: DefaultFeature, state: Local
[8D78:34A8][2026-05-11T22:09:21]i104: Detected package: doc_JustForMe, feature: Shortcuts, state: Local
[8D78:34A8][2026-05-11T22:09:21]i101: Detected package: tools_AllUsers, state: Absent, cached: None
[8D78:34A8][2026-05-11T22:09:21]i101: Detected package: tools_JustForMe, state: Present, cached: Complete
[8D78:34A8][2026-05-11T22:09:21]i101: Detected package: tcltk_AllUsers, state: Absent, cached: None
[8D78:34A8][2026-05-11T22:09:21]i104: Detected package: tcltk_AllUsers, feature: DefaultFeature, state: Absent
[8D78:34A8][2026-05-11T22:09:21]i104: Detected package: tcltk_AllUsers, feature: AssociateFiles, state: Absent
[8D78:34A8][2026-05-11T22:09:21]i104: Detected package: tcltk_AllUsers, feature: Shortcuts, state: Absent
[8D78:34A8][2026-05-11T22:09:21]i101: Detected package: tcltk_AllUsers_pdb, state: Absent, cached: None
[8D78:34A8][2026-05-11T22:09:21]i104: Detected package: tcltk_AllUsers_pdb, feature: Symbols, state: Absent
[8D78:34A8][2026-05-11T22:09:21]i101: Detected package: tcltk_AllUsers_d, state: Absent, cached: None
[8D78:34A8][2026-05-11T22:09:21]i104: Detected package: tcltk_AllUsers_d, feature: DebugBinaries, state: Absent
[8D78:34A8][2026-05-11T22:09:21]i101: Detected package: tcltk_JustForMe, state: Present, cached: Complete
[8D78:34A8][2026-05-11T22:09:21]i104: Detected package: tcltk_JustForMe, feature: DefaultFeature, state: Local
[8D78:34A8][2026-05-11T22:09:21]i104: Detected package: tcltk_JustForMe, feature: AssociateFiles, state: Absent
[8D78:34A8][2026-05-11T22:09:21]i104: Detected package: tcltk_JustForMe, feature: Shortcuts, state: Local
[8D78:34A8][2026-05-11T22:09:21]i101: Detected package: tcltk_JustForMe_pdb, state: Absent, cached: None
[8D78:34A8][2026-05-11T22:09:21]i104: Detected package: tcltk_JustForMe_pdb, feature: Symbols, state: Absent
[8D78:34A8][2026-05-11T22:09:21]i101: Detected package: tcltk_JustForMe_d, state: Absent, cached: None
[8D78:34A8][2026-05-11T22:09:21]i104: Detected package: tcltk_JustForMe_d, feature: DebugBinaries, state: Absent
[8D78:34A8][2026-05-11T22:09:21]i101: Detected package: launcher_AllUsers, state: Obsolete, cached: None
[8D78:34A8][2026-05-11T22:09:21]i104: Detected package: launcher_AllUsers, feature: DefaultFeature, state: Absent
[8D78:34A8][2026-05-11T22:09:21]i104: Detected package: launcher_AllUsers, feature: AssociateFiles, state: Absent
[8D78:34A8][2026-05-11T22:09:21]i101: Detected package: launcher_JustForMe, state: Obsolete, cached: None
[8D78:34A8][2026-05-11T22:09:21]i104: Detected package: launcher_JustForMe, feature: DefaultFeature, state: Absent
[8D78:34A8][2026-05-11T22:09:21]i104: Detected package: launcher_JustForMe, feature: AssociateFiles, state: Absent
[8D78:34A8][2026-05-11T22:09:21]i101: Detected package: pip_AllUsers, state: Absent, cached: None
[8D78:34A8][2026-05-11T22:09:21]i101: Detected package: pip_JustForMe, state: Present, cached: Complete
[8D78:34A8][2026-05-11T22:09:21]i101: Detected package: path_AllUsers, state: Absent, cached: None
[8D78:34A8][2026-05-11T22:09:21]i101: Detected package: path_JustForMe, state: Absent, cached: None
[8D78:34A8][2026-05-11T22:09:21]i101: Detected package: compileall_AllUsers, state: Absent, cached: None
[8D78:34A8][2026-05-11T22:09:21]i101: Detected package: compileallO_AllUsers, state: Absent, cached: None
[8D78:34A8][2026-05-11T22:09:21]i101: Detected package: compileallOO_AllUsers, state: Absent, cached: None
[8D78:34A8][2026-05-11T22:09:21]i101: Detected package: compileall_JustForMe, state: Absent, cached: None
[8D78:34A8][2026-05-11T22:09:21]i101: Detected package: compileallO_JustForMe, state: Absent, cached: None
[8D78:34A8][2026-05-11T22:09:21]i101: Detected package: compileallOO_JustForMe, state: Absent, cached: None
[8D78:34A8][2026-05-11T22:09:21]i199: Detect complete, result: 0x0
[8D78:ACD4][2026-05-11T22:09:21]i000: Setting string variable 'ActionLikeInstalling' to value 'Updating'
[8D78:ACD4][2026-05-11T22:09:21]i000: Setting string variable 'ActionLikeInstallation' to value 'Modify'
[8D78:34A8][2026-05-11T22:09:21]i200: Plan begin, 52 packages, action: Modify
[8D78:34A8][2026-05-11T22:09:21]i052: Condition 'InstallAllUsers and not CRTInstalled and (Include_core or Include_exe or Include_pip) and not LauncherOnly' evaluates to false.
[8D78:34A8][2026-05-11T22:09:21]i052: Condition 'InstallAllUsers and not CRTInstalled and (Include_core or Include_exe or Include_pip) and not LauncherOnly' evaluates to false.
[8D78:34A8][2026-05-11T22:09:21]w322: Skipping cross-scope dependency registration on package: ucrt_AllUsers, bundle scope: PerUser, package scope: PerMachine
[8D78:34A8][2026-05-11T22:09:21]i052: Condition 'not InstallAllUsers and not CRTInstalled and (Include_core or Include_exe or Include_pip) and not LauncherOnly' evaluates to false.
[8D78:34A8][2026-05-11T22:09:21]i052: Condition 'not InstallAllUsers and not CRTInstalled and (Include_core or Include_exe or Include_pip) and not LauncherOnly' evaluates to false.
[8D78:34A8][2026-05-11T22:09:21]i052: Condition 'InstallAllUsers and (Include_core or Include_exe or Include_launcher or Include_pip) and not LauncherOnly' evaluates to false.
[8D78:34A8][2026-05-11T22:09:21]i052: Condition 'InstallAllUsers and (Include_core or Include_exe or Include_launcher or Include_pip) and not LauncherOnly' evaluates to false.
[8D78:34A8][2026-05-11T22:09:21]w322: Skipping cross-scope dependency registration on package: core_AllUsers, bundle scope: PerUser, package scope: PerMachine
[8D78:34A8][2026-05-11T22:09:21]i052: Condition 'InstallAllUsers and (Include_core or Include_exe or Include_launcher or Include_pip) and Include_symbols and not LauncherOnly' evaluates to false.
[8D78:34A8][2026-05-11T22:09:21]i052: Condition 'InstallAllUsers and (Include_core or Include_exe or Include_launcher or Include_pip) and Include_symbols and not LauncherOnly' evaluates to false.
[8D78:34A8][2026-05-11T22:09:21]w322: Skipping cross-scope dependency registration on package: core_AllUsers_pdb, bundle scope: PerUser, package scope: PerMachine
[8D78:34A8][2026-05-11T22:09:21]i052: Condition 'InstallAllUsers and (Include_core or Include_exe or Include_launcher or Include_pip) and Include_debug and not LauncherOnly' evaluates to false.
[8D78:34A8][2026-05-11T22:09:21]i052: Condition 'InstallAllUsers and (Include_core or Include_exe or Include_launcher or Include_pip) and Include_debug and not LauncherOnly' evaluates to false.
[8D78:34A8][2026-05-11T22:09:21]w322: Skipping cross-scope dependency registration on package: core_AllUsers_d, bundle scope: PerUser, package scope: PerMachine
[8D78:34A8][2026-05-11T22:09:21]i052: Condition 'not InstallAllUsers and (Include_core or Include_exe or Include_launcher or Include_pip) and not LauncherOnly' evaluates to true.
[8D78:34A8][2026-05-11T22:09:21]i052: Condition 'not InstallAllUsers and (Include_core or Include_exe or Include_launcher or Include_pip) and not LauncherOnly' evaluates to true.
[8D78:34A8][2026-05-11T22:09:21]i052: Condition 'not InstallAllUsers and (Include_core or Include_exe or Include_launcher or Include_pip) and Include_symbols and not LauncherOnly' evaluates to false.
[8D78:34A8][2026-05-11T22:09:21]i052: Condition 'not InstallAllUsers and (Include_core or Include_exe or Include_launcher or Include_pip) and Include_symbols and not LauncherOnly' evaluates to false.
[8D78:34A8][2026-05-11T22:09:21]i052: Condition 'not InstallAllUsers and (Include_core or Include_exe or Include_launcher or Include_pip) and Include_debug and not LauncherOnly' evaluates to false.
[8D78:34A8][2026-05-11T22:09:21]i052: Condition 'not InstallAllUsers and (Include_core or Include_exe or Include_launcher or Include_pip) and Include_debug and not LauncherOnly' evaluates to false.
[8D78:34A8][2026-05-11T22:09:21]i052: Condition 'InstallAllUsers and (Include_exe or Include_launcher or Include_pip) and not LauncherOnly' evaluates to false.
[8D78:34A8][2026-05-11T22:09:21]i052: Condition 'InstallAllUsers and (Include_exe or Include_launcher or Include_pip) and not LauncherOnly' evaluates to false.
[8D78:34A8][2026-05-11T22:09:21]i204: Plan 2 msi features for package: exe_AllUsers
[8D78:34A8][2026-05-11T22:09:21]i203: Planned feature: DefaultFeature, state: Absent, default requested: Unknown, ba requested: Local, execute action: AddLocal, rollback action: Remove
[8D78:34A8][2026-05-11T22:09:21]i203: Planned feature: Shortcuts, state: Absent, default requested: Unknown, ba requested: Local, execute action: AddLocal, rollback action: Remove
[8D78:34A8][2026-05-11T22:09:21]w322: Skipping cross-scope dependency registration on package: exe_AllUsers, bundle scope: PerUser, package scope: PerMachine
[8D78:34A8][2026-05-11T22:09:21]i052: Condition 'InstallAllUsers and (Include_exe or Include_launcher or Include_pip) and Include_symbols and not LauncherOnly' evaluates to false.
[8D78:34A8][2026-05-11T22:09:21]i052: Condition 'InstallAllUsers and (Include_exe or Include_launcher or Include_pip) and Include_symbols and not LauncherOnly' evaluates to false.
[8D78:34A8][2026-05-11T22:09:21]w322: Skipping cross-scope dependency registration on package: exe_AllUsers_pdb, bundle scope: PerUser, package scope: PerMachine
[8D78:34A8][2026-05-11T22:09:21]i052: Condition 'InstallAllUsers and (Include_exe or Include_launcher or Include_pip) and Include_debug and not LauncherOnly' evaluates to false.
[8D78:34A8][2026-05-11T22:09:21]i052: Condition 'InstallAllUsers and (Include_exe or Include_launcher or Include_pip) and Include_debug and not LauncherOnly' evaluates to false.
[8D78:34A8][2026-05-11T22:09:21]w322: Skipping cross-scope dependency registration on package: exe_AllUsers_d, bundle scope: PerUser, package scope: PerMachine
[8D78:34A8][2026-05-11T22:09:21]i052: Condition 'not InstallAllUsers and (Include_exe or Include_launcher or Include_pip) and not LauncherOnly' evaluates to true.
[8D78:34A8][2026-05-11T22:09:21]i052: Condition 'not InstallAllUsers and (Include_exe or Include_launcher or Include_pip) and not LauncherOnly' evaluates to true.
[8D78:34A8][2026-05-11T22:09:21]i204: Plan 2 msi features for package: exe_JustForMe
[8D78:34A8][2026-05-11T22:09:21]i203: Planned feature: DefaultFeature, state: Local, default requested: Unknown, ba requested: Local, execute action: None, rollback action: None
[8D78:34A8][2026-05-11T22:09:21]i203: Planned feature: Shortcuts, state: Local, default requested: Unknown, ba requested: Local, execute action: None, rollback action: None
[8D78:34A8][2026-05-11T22:09:21]i052: Condition 'not InstallAllUsers and (Include_exe or Include_launcher or Include_pip) and Include_symbols and not LauncherOnly' evaluates to false.
[8D78:34A8][2026-05-11T22:09:21]i052: Condition 'not InstallAllUsers and (Include_exe or Include_launcher or Include_pip) and Include_symbols and not LauncherOnly' evaluates to false.
[8D78:34A8][2026-05-11T22:09:21]i052: Condition 'not InstallAllUsers and (Include_exe or Include_launcher or Include_pip) and Include_debug and not LauncherOnly' evaluates to false.
[8D78:34A8][2026-05-11T22:09:21]i052: Condition 'not InstallAllUsers and (Include_exe or Include_launcher or Include_pip) and Include_debug and not LauncherOnly' evaluates to false.
[8D78:34A8][2026-05-11T22:09:21]i052: Condition 'InstallAllUsers and Include_dev and not LauncherOnly' evaluates to false.
[8D78:34A8][2026-05-11T22:09:21]i052: Condition 'InstallAllUsers and Include_dev and not LauncherOnly' evaluates to false.
[8D78:34A8][2026-05-11T22:09:21]w322: Skipping cross-scope dependency registration on package: dev_AllUsers, bundle scope: PerUser, package scope: PerMachine
[8D78:34A8][2026-05-11T22:09:21]i052: Condition 'InstallAllUsers and Include_dev and Include_debug and not LauncherOnly' evaluates to false.
[8D78:34A8][2026-05-11T22:09:21]i052: Condition 'InstallAllUsers and Include_dev and Include_debug and not LauncherOnly' evaluates to false.
[8D78:34A8][2026-05-11T22:09:21]w322: Skipping cross-scope dependency registration on package: dev_AllUsers_d, bundle scope: PerUser, package scope: PerMachine
[8D78:34A8][2026-05-11T22:09:21]i052: Condition 'not InstallAllUsers and Include_dev and not LauncherOnly' evaluates to true.
[8D78:34A8][2026-05-11T22:09:21]i052: Condition 'not InstallAllUsers and Include_dev and not LauncherOnly' evaluates to true.
[8D78:34A8][2026-05-11T22:09:21]i052: Condition 'not InstallAllUsers and Include_dev and Include_debug and not LauncherOnly' evaluates to false.
[8D78:34A8][2026-05-11T22:09:21]i052: Condition 'not InstallAllUsers and Include_dev and Include_debug and not LauncherOnly' evaluates to false.
[8D78:34A8][2026-05-11T22:09:21]i052: Condition 'InstallAllUsers and Include_lib and not LauncherOnly' evaluates to false.
[8D78:34A8][2026-05-11T22:09:21]i052: Condition 'InstallAllUsers and Include_lib and not LauncherOnly' evaluates to false.
[8D78:34A8][2026-05-11T22:09:21]w322: Skipping cross-scope dependency registration on package: lib_AllUsers, bundle scope: PerUser, package scope: PerMachine
[8D78:34A8][2026-05-11T22:09:21]i052: Condition 'InstallAllUsers and Include_lib and Include_symbols and not LauncherOnly' evaluates to false.
[8D78:34A8][2026-05-11T22:09:21]i052: Condition 'InstallAllUsers and Include_lib and Include_symbols and not LauncherOnly' evaluates to false.
[8D78:34A8][2026-05-11T22:09:21]w322: Skipping cross-scope dependency registration on package: lib_AllUsers_pdb, bundle scope: PerUser, package scope: PerMachine
[8D78:34A8][2026-05-11T22:09:21]i052: Condition 'InstallAllUsers and Include_lib and Include_debug and not LauncherOnly' evaluates to false.
[8D78:34A8][2026-05-11T22:09:21]i052: Condition 'InstallAllUsers and Include_lib and Include_debug and not LauncherOnly' evaluates to false.
[8D78:34A8][2026-05-11T22:09:21]w322: Skipping cross-scope dependency registration on package: lib_AllUsers_d, bundle scope: PerUser, package scope: PerMachine
[8D78:34A8][2026-05-11T22:09:21]i052: Condition 'not InstallAllUsers and Include_lib and not LauncherOnly' evaluates to true.
[8D78:34A8][2026-05-11T22:09:21]i052: Condition 'not InstallAllUsers and Include_lib and not LauncherOnly' evaluates to true.
[8D78:34A8][2026-05-11T22:09:21]i052: Condition 'not InstallAllUsers and Include_lib and Include_symbols and not LauncherOnly' evaluates to false.
[8D78:34A8][2026-05-11T22:09:21]i052: Condition 'not InstallAllUsers and Include_lib and Include_symbols and not LauncherOnly' evaluates to false.
[8D78:34A8][2026-05-11T22:09:21]i052: Condition 'not InstallAllUsers and Include_lib and Include_debug and not LauncherOnly' evaluates to false.
[8D78:34A8][2026-05-11T22:09:21]i052: Condition 'not InstallAllUsers and Include_lib and Include_debug and not LauncherOnly' evaluates to false.
[8D78:34A8][2026-05-11T22:09:21]i052: Condition 'InstallAllUsers and Include_test and not LauncherOnly' evaluates to false.
[8D78:34A8][2026-05-11T22:09:21]i052: Condition 'InstallAllUsers and Include_test and not LauncherOnly' evaluates to false.
[8D78:34A8][2026-05-11T22:09:21]w322: Skipping cross-scope dependency registration on package: test_AllUsers, bundle scope: PerUser, package scope: PerMachine
[8D78:34A8][2026-05-11T22:09:21]i052: Condition 'InstallAllUsers and Include_test and Include_symbols and not LauncherOnly' evaluates to false.
[8D78:34A8][2026-05-11T22:09:21]i052: Condition 'InstallAllUsers and Include_test and Include_symbols and not LauncherOnly' evaluates to false.
[8D78:34A8][2026-05-11T22:09:21]w322: Skipping cross-scope dependency registration on package: test_AllUsers_pdb, bundle scope: PerUser, package scope: PerMachine
[8D78:34A8][2026-05-11T22:09:21]i052: Condition 'InstallAllUsers and Include_test and Include_debug and not LauncherOnly' evaluates to false.
[8D78:34A8][2026-05-11T22:09:21]i052: Condition 'InstallAllUsers and Include_test and Include_debug and not LauncherOnly' evaluates to false.
[8D78:34A8][2026-05-11T22:09:21]w322: Skipping cross-scope dependency registration on package: test_AllUsers_d, bundle scope: PerUser, package scope: PerMachine
[8D78:34A8][2026-05-11T22:09:21]i052: Condition 'not InstallAllUsers and Include_test and not LauncherOnly' evaluates to true.
[8D78:34A8][2026-05-11T22:09:21]i052: Condition 'not InstallAllUsers and Include_test and not LauncherOnly' evaluates to true.
[8D78:34A8][2026-05-11T22:09:21]i052: Condition 'not InstallAllUsers and Include_test and Include_symbols and not LauncherOnly' evaluates to false.
[8D78:34A8][2026-05-11T22:09:21]i052: Condition 'not InstallAllUsers and Include_test and Include_symbols and not LauncherOnly' evaluates to false.
[8D78:34A8][2026-05-11T22:09:21]i052: Condition 'not InstallAllUsers and Include_test and Include_debug and not LauncherOnly' evaluates to false.
[8D78:34A8][2026-05-11T22:09:21]i052: Condition 'not InstallAllUsers and Include_test and Include_debug and not LauncherOnly' evaluates to false.
[8D78:34A8][2026-05-11T22:09:21]i052: Condition 'InstallAllUsers and Include_doc and not LauncherOnly' evaluates to false.
[8D78:34A8][2026-05-11T22:09:21]i052: Condition 'InstallAllUsers and Include_doc and not LauncherOnly' evaluates to false.
[8D78:34A8][2026-05-11T22:09:21]i204: Plan 2 msi features for package: doc_AllUsers
[8D78:34A8][2026-05-11T22:09:21]i203: Planned feature: DefaultFeature, state: Absent, default requested: Unknown, ba requested: Local, execute action: AddLocal, rollback action: Remove
[8D78:34A8][2026-05-11T22:09:21]i203: Planned feature: Shortcuts, state: Absent, default requested: Unknown, ba requested: Local, execute action: AddLocal, rollback action: Remove
[8D78:34A8][2026-05-11T22:09:21]w322: Skipping cross-scope dependency registration on package: doc_AllUsers, bundle scope: PerUser, package scope: PerMachine
[8D78:34A8][2026-05-11T22:09:21]i052: Condition 'not InstallAllUsers and Include_doc and not LauncherOnly' evaluates to true.
[8D78:34A8][2026-05-11T22:09:21]i052: Condition 'not InstallAllUsers and Include_doc and not LauncherOnly' evaluates to true.
[8D78:34A8][2026-05-11T22:09:21]i204: Plan 2 msi features for package: doc_JustForMe
[8D78:34A8][2026-05-11T22:09:21]i203: Planned feature: DefaultFeature, state: Local, default requested: Unknown, ba requested: Local, execute action: None, rollback action: None
[8D78:34A8][2026-05-11T22:09:21]i203: Planned feature: Shortcuts, state: Local, default requested: Unknown, ba requested: Local, execute action: None, rollback action: None
[8D78:34A8][2026-05-11T22:09:21]i052: Condition 'InstallAllUsers and Include_tools and not LauncherOnly' evaluates to false.
[8D78:34A8][2026-05-11T22:09:21]i052: Condition 'InstallAllUsers and Include_tools and not LauncherOnly' evaluates to false.
[8D78:34A8][2026-05-11T22:09:21]w322: Skipping cross-scope dependency registration on package: tools_AllUsers, bundle scope: PerUser, package scope: PerMachine
[8D78:34A8][2026-05-11T22:09:21]i052: Condition 'not InstallAllUsers and Include_tools and not LauncherOnly' evaluates to true.
[8D78:34A8][2026-05-11T22:09:21]i052: Condition 'not InstallAllUsers and Include_tools and not LauncherOnly' evaluates to true.
[8D78:34A8][2026-05-11T22:09:21]i052: Condition 'InstallAllUsers and Include_tcltk and not LauncherOnly' evaluates to false.
[8D78:34A8][2026-05-11T22:09:21]i052: Condition 'InstallAllUsers and Include_tcltk and not LauncherOnly' evaluates to false.
[8D78:34A8][2026-05-11T22:09:21]i204: Plan 3 msi features for package: tcltk_AllUsers
[8D78:34A8][2026-05-11T22:09:21]i203: Planned feature: DefaultFeature, state: Absent, default requested: Unknown, ba requested: Local, execute action: AddLocal, rollback action: Remove
[8D78:34A8][2026-05-11T22:09:21]i203: Planned feature: AssociateFiles, state: Absent, default requested: Unknown, ba requested: Absent, execute action: None, rollback action: None
[8D78:34A8][2026-05-11T22:09:21]i203: Planned feature: Shortcuts, state: Absent, default requested: Unknown, ba requested: Local, execute action: AddLocal, rollback action: Remove
[8D78:34A8][2026-05-11T22:09:21]w322: Skipping cross-scope dependency registration on package: tcltk_AllUsers, bundle scope: PerUser, package scope: PerMachine
[8D78:34A8][2026-05-11T22:09:21]i052: Condition 'InstallAllUsers and Include_tcltk and Include_symbols and not LauncherOnly' evaluates to false.
[8D78:34A8][2026-05-11T22:09:21]i052: Condition 'InstallAllUsers and Include_tcltk and Include_symbols and not LauncherOnly' evaluates to false.
[8D78:34A8][2026-05-11T22:09:21]i204: Plan 1 msi features for package: tcltk_AllUsers_pdb
[8D78:34A8][2026-05-11T22:09:21]i203: Planned feature: Symbols, state: Absent, default requested: Unknown, ba requested: Local, execute action: AddLocal, rollback action: Remove
[8D78:34A8][2026-05-11T22:09:21]w322: Skipping cross-scope dependency registration on package: tcltk_AllUsers_pdb, bundle scope: PerUser, package scope: PerMachine
[8D78:34A8][2026-05-11T22:09:21]i052: Condition 'InstallAllUsers and Include_tcltk and Include_debug and not LauncherOnly' evaluates to false.
[8D78:34A8][2026-05-11T22:09:21]i052: Condition 'InstallAllUsers and Include_tcltk and Include_debug and not LauncherOnly' evaluates to false.
[8D78:34A8][2026-05-11T22:09:21]i204: Plan 1 msi features for package: tcltk_AllUsers_d
[8D78:34A8][2026-05-11T22:09:21]i203: Planned feature: DebugBinaries, state: Absent, default requested: Unknown, ba requested: Local, execute action: AddLocal, rollback action: Remove
[8D78:34A8][2026-05-11T22:09:21]w322: Skipping cross-scope dependency registration on package: tcltk_AllUsers_d, bundle scope: PerUser, package scope: PerMachine
[8D78:34A8][2026-05-11T22:09:21]i052: Condition 'not InstallAllUsers and Include_tcltk and not LauncherOnly' evaluates to true.
[8D78:34A8][2026-05-11T22:09:21]i052: Condition 'not InstallAllUsers and Include_tcltk and not LauncherOnly' evaluates to true.
[8D78:34A8][2026-05-11T22:09:21]i204: Plan 3 msi features for package: tcltk_JustForMe
[8D78:34A8][2026-05-11T22:09:21]i203: Planned feature: DefaultFeature, state: Local, default requested: Unknown, ba requested: Local, execute action: None, rollback action: None
[8D78:34A8][2026-05-11T22:09:21]i203: Planned feature: AssociateFiles, state: Absent, default requested: Unknown, ba requested: Absent, execute action: None, rollback action: None
[8D78:34A8][2026-05-11T22:09:21]i203: Planned feature: Shortcuts, state: Local, default requested: Unknown, ba requested: Local, execute action: None, rollback action: None
[8D78:34A8][2026-05-11T22:09:21]i052: Condition 'not InstallAllUsers and Include_tcltk and Include_symbols and not LauncherOnly' evaluates to false.
[8D78:34A8][2026-05-11T22:09:21]i052: Condition 'not InstallAllUsers and Include_tcltk and Include_symbols and not LauncherOnly' evaluates to false.
[8D78:34A8][2026-05-11T22:09:21]i204: Plan 1 msi features for package: tcltk_JustForMe_pdb
[8D78:34A8][2026-05-11T22:09:21]i203: Planned feature: Symbols, state: Absent, default requested: Unknown, ba requested: Local, execute action: AddLocal, rollback action: Remove
[8D78:34A8][2026-05-11T22:09:21]i052: Condition 'not InstallAllUsers and Include_tcltk and Include_debug and not LauncherOnly' evaluates to false.
[8D78:34A8][2026-05-11T22:09:21]i052: Condition 'not InstallAllUsers and Include_tcltk and Include_debug and not LauncherOnly' evaluates to false.
[8D78:34A8][2026-05-11T22:09:21]i204: Plan 1 msi features for package: tcltk_JustForMe_d
[8D78:34A8][2026-05-11T22:09:21]i203: Planned feature: DebugBinaries, state: Absent, default requested: Unknown, ba requested: Local, execute action: AddLocal, rollback action: Remove
[8D78:34A8][2026-05-11T22:09:21]i052: Condition '(InstallAllUsers or InstallLauncherAllUsers) and Include_launcher and not DetectedLauncher' evaluates to false.
[8D78:34A8][2026-05-11T22:09:21]w322: Skipping cross-scope dependency registration on package: launcher_AllUsers, bundle scope: PerUser, package scope: PerMachine
[8D78:34A8][2026-05-11T22:09:21]i052: Condition 'not (InstallAllUsers or InstallLauncherAllUsers) and Include_launcher and not DetectedLauncher' evaluates to false.
[8D78:34A8][2026-05-11T22:09:21]i052: Condition 'InstallAllUsers and Include_pip and not LauncherOnly' evaluates to false.
[8D78:34A8][2026-05-11T22:09:21]i052: Condition 'InstallAllUsers and Include_pip and not LauncherOnly' evaluates to false.
[8D78:34A8][2026-05-11T22:09:21]w322: Skipping cross-scope dependency registration on package: pip_AllUsers, bundle scope: PerUser, package scope: PerMachine
[8D78:34A8][2026-05-11T22:09:21]i052: Condition 'not InstallAllUsers and Include_pip and not LauncherOnly' evaluates to true.
[8D78:34A8][2026-05-11T22:09:21]i052: Condition 'not InstallAllUsers and Include_pip and not LauncherOnly' evaluates to true.
[8D78:34A8][2026-05-11T22:09:21]i052: Condition 'InstallAllUsers and PrependPath and not LauncherOnly' evaluates to false.
[8D78:34A8][2026-05-11T22:09:21]i052: Condition 'InstallAllUsers and PrependPath and not LauncherOnly' evaluates to false.
[8D78:34A8][2026-05-11T22:09:21]w322: Skipping cross-scope dependency registration on package: path_AllUsers, bundle scope: PerUser, package scope: PerMachine
[8D78:34A8][2026-05-11T22:09:21]i052: Condition 'not InstallAllUsers and PrependPath and not LauncherOnly' evaluates to false.
[8D78:34A8][2026-05-11T22:09:21]i052: Condition 'not InstallAllUsers and PrependPath and not LauncherOnly' evaluates to false.
[8D78:34A8][2026-05-11T22:09:21]i052: Condition 'InstallAllUsers and CompileAll and not LauncherOnly' evaluates to false.
[8D78:34A8][2026-05-11T22:09:21]i052: Condition 'InstallAllUsers and CompileAll and not LauncherOnly' evaluates to false.
[8D78:34A8][2026-05-11T22:09:21]w321: Skipping dependency registration on package with no dependency providers: compileall_AllUsers
[8D78:34A8][2026-05-11T22:09:21]i052: Condition 'InstallAllUsers and CompileAll and not LauncherOnly' evaluates to false.
[8D78:34A8][2026-05-11T22:09:21]i052: Condition 'InstallAllUsers and CompileAll and not LauncherOnly' evaluates to false.
[8D78:34A8][2026-05-11T22:09:21]w321: Skipping dependency registration on package with no dependency providers: compileallO_AllUsers
[8D78:34A8][2026-05-11T22:09:21]i052: Condition 'InstallAllUsers and CompileAll and not LauncherOnly' evaluates to false.
[8D78:34A8][2026-05-11T22:09:21]i052: Condition 'InstallAllUsers and CompileAll and not LauncherOnly' evaluates to false.
[8D78:34A8][2026-05-11T22:09:21]w321: Skipping dependency registration on package with no dependency providers: compileallOO_AllUsers
[8D78:34A8][2026-05-11T22:09:21]i052: Condition 'not InstallAllUsers and CompileAll and not LauncherOnly' evaluates to false.
[8D78:34A8][2026-05-11T22:09:21]i052: Condition 'not InstallAllUsers and CompileAll and not LauncherOnly' evaluates to false.
[8D78:34A8][2026-05-11T22:09:21]w321: Skipping dependency registration on package with no dependency providers: compileall_JustForMe
[8D78:34A8][2026-05-11T22:09:21]i052: Condition 'not InstallAllUsers and CompileAll and not LauncherOnly' evaluates to false.
[8D78:34A8][2026-05-11T22:09:21]i052: Condition 'not InstallAllUsers and CompileAll and not LauncherOnly' evaluates to false.
[8D78:34A8][2026-05-11T22:09:21]w321: Skipping dependency registration on package with no dependency providers: compileallO_JustForMe
[8D78:34A8][2026-05-11T22:09:21]i052: Condition 'not InstallAllUsers and CompileAll and not LauncherOnly' evaluates to false.
[8D78:34A8][2026-05-11T22:09:21]i052: Condition 'not InstallAllUsers and CompileAll and not LauncherOnly' evaluates to false.
[8D78:34A8][2026-05-11T22:09:21]w321: Skipping dependency registration on package with no dependency providers: compileallOO_JustForMe
[8D78:34A8][2026-05-11T22:09:21]i201: Planned package: ucrt_AllUsers, state: Absent, default requested: Absent, ba requested: Absent, execute: None, rollback: None, cache: No, uncache: No, dependency: None
[8D78:34A8][2026-05-11T22:09:21]i201: Planned package: ucrt_JustForMe, state: Absent, default requested: Absent, ba requested: Absent, execute: None, rollback: None, cache: No, uncache: No, dependency: None
[8D78:34A8][2026-05-11T22:09:21]i201: Planned package: core_AllUsers, state: Absent, default requested: Absent, ba requested: Absent, execute: None, rollback: None, cache: No, uncache: No, dependency: None
[8D78:34A8][2026-05-11T22:09:21]i201: Planned package: core_AllUsers_pdb, state: Absent, default requested: Absent, ba requested: Absent, execute: None, rollback: None, cache: No, uncache: No, dependency: None
[8D78:34A8][2026-05-11T22:09:21]i201: Planned package: core_AllUsers_d, state: Absent, default requested: Absent, ba requested: Absent, execute: None, rollback: None, cache: No, uncache: No, dependency: None
[8D78:34A8][2026-05-11T22:09:21]i201: Planned package: core_JustForMe, state: Present, default requested: Present, ba requested: Present, execute: None, rollback: None, cache: No, uncache: No, dependency: Register
[8D78:34A8][2026-05-11T22:09:21]i201: Planned package: core_JustForMe_pdb, state: Absent, default requested: Absent, ba requested: Absent, execute: None, rollback: None, cache: No, uncache: No, dependency: None
[8D78:34A8][2026-05-11T22:09:21]i201: Planned package: core_JustForMe_d, state: Absent, default requested: Absent, ba requested: Absent, execute: None, rollback: None, cache: No, uncache: No, dependency: None
[8D78:34A8][2026-05-11T22:09:21]i201: Planned package: exe_AllUsers, state: Absent, default requested: Absent, ba requested: Absent, execute: None, rollback: None, cache: No, uncache: No, dependency: None
[8D78:34A8][2026-05-11T22:09:21]i201: Planned package: exe_AllUsers_pdb, state: Absent, default requested: Absent, ba requested: Absent, execute: None, rollback: None, cache: No, uncache: No, dependency: None
[8D78:34A8][2026-05-11T22:09:21]i201: Planned package: exe_AllUsers_d, state: Absent, default requested: Absent, ba requested: Absent, execute: None, rollback: None, cache: No, uncache: No, dependency: None
[8D78:34A8][2026-05-11T22:09:21]i201: Planned package: exe_JustForMe, state: Present, default requested: Present, ba requested: Present, execute: None, rollback: None, cache: No, uncache: No, dependency: Register
[8D78:34A8][2026-05-11T22:09:21]i201: Planned package: exe_JustForMe_pdb, state: Absent, default requested: Absent, ba requested: Absent, execute: None, rollback: None, cache: No, uncache: No, dependency: None
[8D78:34A8][2026-05-11T22:09:21]i201: Planned package: exe_JustForMe_d, state: Absent, default requested: Absent, ba requested: Absent, execute: None, rollback: None, cache: No, uncache: No, dependency: None
[8D78:34A8][2026-05-11T22:09:21]i201: Planned package: dev_AllUsers, state: Absent, default requested: Absent, ba requested: Absent, execute: None, rollback: None, cache: No, uncache: No, dependency: None
[8D78:34A8][2026-05-11T22:09:21]i201: Planned package: dev_AllUsers_d, state: Absent, default requested: Absent, ba requested: Absent, execute: None, rollback: None, cache: No, uncache: No, dependency: None
[8D78:34A8][2026-05-11T22:09:21]i201: Planned package: dev_JustForMe, state: Present, default requested: Present, ba requested: Present, execute: None, rollback: None, cache: No, uncache: No, dependency: Register
[8D78:34A8][2026-05-11T22:09:21]i201: Planned package: dev_JustForMe_d, state: Absent, default requested: Absent, ba requested: Absent, execute: None, rollback: None, cache: No, uncache: No, dependency: None
[8D78:34A8][2026-05-11T22:09:21]i201: Planned package: lib_AllUsers, state: Absent, default requested: Absent, ba requested: Absent, execute: None, rollback: None, cache: No, uncache: No, dependency: None
[8D78:34A8][2026-05-11T22:09:21]i201: Planned package: lib_AllUsers_pdb, state: Absent, default requested: Absent, ba requested: Absent, execute: None, rollback: None, cache: No, uncache: No, dependency: None
[8D78:34A8][2026-05-11T22:09:21]i201: Planned package: lib_AllUsers_d, state: Absent, default requested: Absent, ba requested: Absent, execute: None, rollback: None, cache: No, uncache: No, dependency: None
[8D78:34A8][2026-05-11T22:09:21]i201: Planned package: lib_JustForMe, state: Present, default requested: Present, ba requested: Present, execute: None, rollback: None, cache: No, uncache: No, dependency: Register
[8D78:34A8][2026-05-11T22:09:21]i201: Planned package: lib_JustForMe_pdb, state: Absent, default requested: Absent, ba requested: Absent, execute: None, rollback: None, cache: No, uncache: No, dependency: None
[8D78:34A8][2026-05-11T22:09:21]i201: Planned package: lib_JustForMe_d, state: Absent, default requested: Absent, ba requested: Absent, execute: None, rollback: None, cache: No, uncache: No, dependency: None
[8D78:34A8][2026-05-11T22:09:21]i201: Planned package: test_AllUsers, state: Absent, default requested: Absent, ba requested: Absent, execute: None, rollback: None, cache: No, uncache: No, dependency: None
[8D78:34A8][2026-05-11T22:09:21]i201: Planned package: test_AllUsers_pdb, state: Absent, default requested: Absent, ba requested: Absent, execute: None, rollback: None, cache: No, uncache: No, dependency: None
[8D78:34A8][2026-05-11T22:09:21]i201: Planned package: test_AllUsers_d, state: Absent, default requested: Absent, ba requested: Absent, execute: None, rollback: None, cache: No, uncache: No, dependency: None
[8D78:34A8][2026-05-11T22:09:21]i201: Planned package: test_JustForMe, state: Present, default requested: Present, ba requested: Present, execute: None, rollback: None, cache: No, uncache: No, dependency: Register
[8D78:34A8][2026-05-11T22:09:21]i201: Planned package: test_JustForMe_pdb, state: Absent, default requested: Absent, ba requested: Absent, execute: None, rollback: None, cache: No, uncache: No, dependency: None
[8D78:34A8][2026-05-11T22:09:21]i201: Planned package: test_JustForMe_d, state: Absent, default requested: Absent, ba requested: Absent, execute: None, rollback: None, cache: No, uncache: No, dependency: None
[8D78:34A8][2026-05-11T22:09:21]i201: Planned package: doc_AllUsers, state: Absent, default requested: Absent, ba requested: Absent, execute: None, rollback: None, cache: No, uncache: No, dependency: None
[8D78:34A8][2026-05-11T22:09:21]i201: Planned package: doc_JustForMe, state: Present, default requested: Present, ba requested: Present, execute: None, rollback: None, cache: No, uncache: No, dependency: Register
[8D78:34A8][2026-05-11T22:09:21]i201: Planned package: tools_AllUsers, state: Absent, default requested: Absent, ba requested: Absent, execute: None, rollback: None, cache: No, uncache: No, dependency: None
[8D78:34A8][2026-05-11T22:09:21]i201: Planned package: tools_JustForMe, state: Present, default requested: Present, ba requested: Present, execute: None, rollback: None, cache: No, uncache: No, dependency: Register
[8D78:34A8][2026-05-11T22:09:21]i201: Planned package: tcltk_AllUsers, state: Absent, default requested: Absent, ba requested: Absent, execute: None, rollback: None, cache: No, uncache: No, dependency: None
[8D78:34A8][2026-05-11T22:09:21]i201: Planned package: tcltk_AllUsers_pdb, state: Absent, default requested: Absent, ba requested: Absent, execute: None, rollback: None, cache: No, uncache: No, dependency: None
[8D78:34A8][2026-05-11T22:09:21]i201: Planned package: tcltk_AllUsers_d, state: Absent, default requested: Absent, ba requested: Absent, execute: None, rollback: None, cache: No, uncache: No, dependency: None
[8D78:34A8][2026-05-11T22:09:21]i201: Planned package: tcltk_JustForMe, state: Present, default requested: Present, ba requested: Present, execute: None, rollback: None, cache: No, uncache: No, dependency: Register
[8D78:34A8][2026-05-11T22:09:21]i201: Planned package: tcltk_JustForMe_pdb, state: Absent, default requested: Absent, ba requested: Absent, execute: None, rollback: None, cache: No, uncache: No, dependency: None
[8D78:34A8][2026-05-11T22:09:21]i201: Planned package: tcltk_JustForMe_d, state: Absent, default requested: Absent, ba requested: Absent, execute: None, rollback: None, cache: No, uncache: No, dependency: None
[8D78:34A8][2026-05-11T22:09:21]i201: Planned package: launcher_AllUsers, state: Obsolete, default requested: None, ba requested: None, execute: None, rollback: None, cache: No, uncache: No, dependency: None
[8D78:34A8][2026-05-11T22:09:21]i201: Planned package: launcher_JustForMe, state: Obsolete, default requested: None, ba requested: None, execute: None, rollback: None, cache: No, uncache: No, dependency: None
[8D78:34A8][2026-05-11T22:09:21]i201: Planned package: pip_AllUsers, state: Absent, default requested: Absent, ba requested: Absent, execute: None, rollback: None, cache: No, uncache: No, dependency: None
[8D78:34A8][2026-05-11T22:09:21]i201: Planned package: pip_JustForMe, state: Present, default requested: Present, ba requested: Present, execute: None, rollback: None, cache: No, uncache: No, dependency: Register
[8D78:34A8][2026-05-11T22:09:21]i201: Planned package: path_AllUsers, state: Absent, default requested: Absent, ba requested: Absent, execute: None, rollback: None, cache: No, uncache: No, dependency: None
[8D78:34A8][2026-05-11T22:09:21]i201: Planned package: path_JustForMe, state: Absent, default requested: Absent, ba requested: Absent, execute: None, rollback: None, cache: No, uncache: No, dependency: None
[8D78:34A8][2026-05-11T22:09:21]i201: Planned package: compileall_AllUsers, state: Absent, default requested: Absent, ba requested: Absent, execute: None, rollback: None, cache: No, uncache: No, dependency: None
[8D78:34A8][2026-05-11T22:09:21]i201: Planned package: compileallO_AllUsers, state: Absent, default requested: Absent, ba requested: Absent, execute: None, rollback: None, cache: No, uncache: No, dependency: None
[8D78:34A8][2026-05-11T22:09:21]i201: Planned package: compileallOO_AllUsers, state: Absent, default requested: Absent, ba requested: Absent, execute: None, rollback: None, cache: No, uncache: No, dependency: None
[8D78:34A8][2026-05-11T22:09:21]i201: Planned package: compileall_JustForMe, state: Absent, default requested: Absent, ba requested: Absent, execute: None, rollback: None, cache: No, uncache: No, dependency: None
[8D78:34A8][2026-05-11T22:09:21]i201: Planned package: compileallO_JustForMe, state: Absent, default requested: Absent, ba requested: Absent, execute: None, rollback: None, cache: No, uncache: No, dependency: None
[8D78:34A8][2026-05-11T22:09:21]i201: Planned package: compileallOO_JustForMe, state: Absent, default requested: Absent, ba requested: Absent, execute: None, rollback: None, cache: No, uncache: No, dependency: None
[8D78:34A8][2026-05-11T22:09:21]i299: Plan complete, result: 0x0
[8D78:34A8][2026-05-11T22:09:21]i300: Apply begin
[8D78:34A8][2026-05-11T22:09:21]i371: Updating session, registration key: SOFTWARE\Microsoft\Windows\CurrentVersion\Uninstall\{a10fbb63-03ff-4b8c-a176-f5fd355f715b}, resume: Active, restart initiated: No, disable resume: No
[8D78:34A8][2026-05-11T22:09:21]i323: Registering package dependency provider: {D59C7C1D-92A7-4836-B90F-2F50BE301EE1}, version: 3.10.11150.0, package: core_JustForMe
[8D78:34A8][2026-05-11T22:09:21]i325: Registering dependency: {a10fbb63-03ff-4b8c-a176-f5fd355f715b} on package provider: {D59C7C1D-92A7-4836-B90F-2F50BE301EE1}, package: core_JustForMe
[8D78:34A8][2026-05-11T22:09:21]i323: Registering package dependency provider: {F8AA714D-9073-4CC3-AD61-743E85488839}, version: 3.10.11150.0, package: exe_JustForMe
[8D78:34A8][2026-05-11T22:09:21]i325: Registering dependency: {a10fbb63-03ff-4b8c-a176-f5fd355f715b} on package provider: {F8AA714D-9073-4CC3-AD61-743E85488839}, package: exe_JustForMe
[8D78:34A8][2026-05-11T22:09:21]i323: Registering package dependency provider: {6DBAD419-6A71-4996-912C-E783E21B46AA}, version: 3.10.11150.0, package: dev_JustForMe
[8D78:34A8][2026-05-11T22:09:21]i325: Registering dependency: {a10fbb63-03ff-4b8c-a176-f5fd355f715b} on package provider: {6DBAD419-6A71-4996-912C-E783E21B46AA}, package: dev_JustForMe
[8D78:34A8][2026-05-11T22:09:21]i323: Registering package dependency provider: {6532871D-1F76-408C-ABD0-63C732137351}, version: 3.10.11150.0, package: lib_JustForMe
[8D78:34A8][2026-05-11T22:09:21]i325: Registering dependency: {a10fbb63-03ff-4b8c-a176-f5fd355f715b} on package provider: {6532871D-1F76-408C-ABD0-63C732137351}, package: lib_JustForMe
[8D78:34A8][2026-05-11T22:09:21]i323: Registering package dependency provider: {A057AC8D-8770-4890-A721-E6F7368BC9D0}, version: 3.10.11150.0, package: test_JustForMe
[8D78:34A8][2026-05-11T22:09:21]i325: Registering dependency: {a10fbb63-03ff-4b8c-a176-f5fd355f715b} on package provider: {A057AC8D-8770-4890-A721-E6F7368BC9D0}, package: test_JustForMe
[8D78:34A8][2026-05-11T22:09:21]i323: Registering package dependency provider: {8D87865C-0573-40CE-BC1A-A9C1473120C3}, version: 3.10.11150.0, package: doc_JustForMe
[8D78:34A8][2026-05-11T22:09:21]i325: Registering dependency: {a10fbb63-03ff-4b8c-a176-f5fd355f715b} on package provider: {8D87865C-0573-40CE-BC1A-A9C1473120C3}, package: doc_JustForMe
[8D78:34A8][2026-05-11T22:09:21]i323: Registering package dependency provider: {7D83DF0A-088D-4738-8012-7122B67B294C}, version: 3.10.11150.0, package: tools_JustForMe
[8D78:34A8][2026-05-11T22:09:21]i325: Registering dependency: {a10fbb63-03ff-4b8c-a176-f5fd355f715b} on package provider: {7D83DF0A-088D-4738-8012-7122B67B294C}, package: tools_JustForMe
[8D78:34A8][2026-05-11T22:09:21]i323: Registering package dependency provider: {6108D417-E511-4AFC-A24D-7CEE1DC9D3EE}, version: 3.10.11150.0, package: tcltk_JustForMe
[8D78:34A8][2026-05-11T22:09:21]i325: Registering dependency: {a10fbb63-03ff-4b8c-a176-f5fd355f715b} on package provider: {6108D417-E511-4AFC-A24D-7CEE1DC9D3EE}, package: tcltk_JustForMe
[8D78:34A8][2026-05-11T22:09:21]i323: Registering package dependency provider: {5C3F818F-9EF5-444C-9386-77A0063A383A}, version: 3.10.11150.0, package: pip_JustForMe
[8D78:34A8][2026-05-11T22:09:21]i325: Registering dependency: {a10fbb63-03ff-4b8c-a176-f5fd355f715b} on package provider: {5C3F818F-9EF5-444C-9386-77A0063A383A}, package: pip_JustForMe
[8D78:34A8][2026-05-11T22:09:21]i372: Session end, registration key: SOFTWARE\Microsoft\Windows\CurrentVersion\Uninstall\{a10fbb63-03ff-4b8c-a176-f5fd355f715b}, resume: ARP, restart: None, disable resume: No
[8D78:34A8][2026-05-11T22:09:21]i371: Updating session, registration key: SOFTWARE\Microsoft\Windows\CurrentVersion\Uninstall\{a10fbb63-03ff-4b8c-a176-f5fd355f715b}, resume: ARP, restart initiated: No, disable resume: No
[8D78:34A8][2026-05-11T22:09:21]i399: Apply complete, result: 0x0, restart: None, ba requested restart:  No
[8D78:34A8][2026-05-11T22:09:21]i500: Shutting down, exit code: 0x0
[8D78:34A8][2026-05-11T22:09:21]i410: Variable: ActionLikeInstallation = Modify
[8D78:34A8][2026-05-11T22:09:21]i410: Variable: ActionLikeInstalling = Updating
[8D78:34A8][2026-05-11T22:09:21]i410: Variable: AssociateFiles = 0
[8D78:34A8][2026-05-11T22:09:21]i410: Variable: CompileAll = 0
[8D78:34A8][2026-05-11T22:09:21]i410: Variable: CRTInstalled = 1
[8D78:34A8][2026-05-11T22:09:21]i410: Variable: CustomBrowseButtonState = enabled
[8D78:34A8][2026-05-11T22:09:21]i410: Variable: CustomInstallLauncherAllUsersState = enabled
[8D78:34A8][2026-05-11T22:09:21]i410: Variable: DefaultAllUsersTargetDir = C:\Program Files\Python310
[8D78:34A8][2026-05-11T22:09:21]i410: Variable: DefaultCustomTargetDir = 
[8D78:34A8][2026-05-11T22:09:21]i410: Variable: DefaultJustForMeTargetDir = C:\Users\nadee\AppData\Local\Programs\Python\Python310
[8D78:34A8][2026-05-11T22:09:21]i410: Variable: DetectedLauncher = 0
[8D78:34A8][2026-05-11T22:09:21]i410: Variable: DetectedOldLauncher = 0
[8D78:34A8][2026-05-11T22:09:21]i410: Variable: Include_core = 1
[8D78:34A8][2026-05-11T22:09:21]i410: Variable: Include_debug = 0
[8D78:34A8][2026-05-11T22:09:21]i410: Variable: Include_dev = 1
[8D78:34A8][2026-05-11T22:09:21]i410: Variable: Include_doc = 1
[8D78:34A8][2026-05-11T22:09:21]i410: Variable: Include_exe = 1
[8D78:34A8][2026-05-11T22:09:21]i410: Variable: Include_launcher = 0
[8D78:34A8][2026-05-11T22:09:21]i410: Variable: Include_launcherState = enabled
[8D78:34A8][2026-05-11T22:09:21]i410: Variable: Include_lib = 1
[8D78:34A8][2026-05-11T22:09:21]i410: Variable: Include_pip = 1
[8D78:34A8][2026-05-11T22:09:21]i410: Variable: Include_symbols = 0
[8D78:34A8][2026-05-11T22:09:21]i410: Variable: Include_tcltk = 1
[8D78:34A8][2026-05-11T22:09:21]i410: Variable: Include_test = 1
[8D78:34A8][2026-05-11T22:09:21]i410: Variable: Include_tools = 1
[8D78:34A8][2026-05-11T22:09:21]i410: Variable: InstallAllUsers = 0
[8D78:34A8][2026-05-11T22:09:21]i410: Variable: InstallAllUsersState = disable
[8D78:34A8][2026-05-11T22:09:21]i410: Variable: InstallLauncherAllUsers = 0
[8D78:34A8][2026-05-11T22:09:21]i410: Variable: InstallLauncherAllUsersState = enabled
[8D78:34A8][2026-05-11T22:09:21]i410: Variable: LauncherOnly = 0
[8D78:34A8][2026-05-11T22:09:21]i410: Variable: LocalAppDataFolder = C:\Users\nadee\AppData\Local\
[8D78:34A8][2026-05-11T22:09:21]i410: Variable: OptionalFeaturesRegistryKey = Software\Python\PythonCore\3.10\InstalledFeatures
[8D78:34A8][2026-05-11T22:09:21]i410: Variable: PrependPath = 0
[8D78:34A8][2026-05-11T22:09:21]i410: Variable: ProgramFiles64Folder = C:\Program Files\
[8D78:34A8][2026-05-11T22:09:21]i410: Variable: Shortcuts = 1
[8D78:34A8][2026-05-11T22:09:21]i410: Variable: ShortVersion = 3.10
[8D78:34A8][2026-05-11T22:09:21]i410: Variable: ShortVersionNoDot = 310
[8D78:34A8][2026-05-11T22:09:21]i410: Variable: SimpleInstall = 0
[8D78:34A8][2026-05-11T22:09:21]i410: Variable: SimpleInstallDescription = 
[8D78:34A8][2026-05-11T22:09:21]i410: Variable: TargetDir = C:\Users\nadee\Downloads\Emotion-Recognition\python310
[8D78:34A8][2026-05-11T22:09:21]i410: Variable: TargetDirRegistryKey = Software\Python\PythonCore\3.10\InstallPath
[8D78:34A8][2026-05-11T22:09:21]i410: Variable: TargetDirState = enabled
[8D78:34A8][2026-05-11T22:09:21]i410: Variable: TargetPlatform = x64
[8D78:34A8][2026-05-11T22:09:21]i410: Variable: WinVer = 3.10
[8D78:34A8][2026-05-11T22:09:21]i410: Variable: WinVerNoDot = 310
[8D78:34A8][2026-05-11T22:09:21]i410: Variable: WixBundleAction = 6
[8D78:34A8][2026-05-11T22:09:21]i410: Variable: WixBundleElevated = 0
[8D78:34A8][2026-05-11T22:09:21]i410: Variable: WixBundleFileVersion = 3.10.11150.0
[8D78:34A8][2026-05-11T22:09:21]i410: Variable: WixBundleInstalled = 1
[8D78:34A8][2026-05-11T22:09:21]i410: Variable: WixBundleLog = C:\Users\nadee\Downloads\Emotion-Recognition\python310-install.log
[8D78:34A8][2026-05-11T22:09:21]i410: Variable: WixBundleManufacturer = Python Software Foundation
[8D78:34A8][2026-05-11T22:09:21]i410: Variable: WixBundleName = Python 3.10.11 (64-bit)
[8D78:34A8][2026-05-11T22:09:21]i410: Variable: WixBundleOriginalSource = C:\Users\nadee\AppData\Local\Temp\WinGet\Python.Python.3.10.3.10.11\python-3.10.11-amd64.exe
[8D78:34A8][2026-05-11T22:09:21]i410: Variable: WixBundleOriginalSourceFolder = C:\Users\nadee\AppData\Local\Temp\WinGet\Python.Python.3.10.3.10.11\
[8D78:34A8][2026-05-11T22:09:21]i410: Variable: WixBundleProviderKey = CPython-3.10
[8D78:34A8][2026-05-11T22:09:21]i410: Variable: WixBundleSourceProcessFolder = C:\Users\nadee\Downloads\Emotion-Recognition\
[8D78:34A8][2026-05-11T22:09:21]i410: Variable: WixBundleSourceProcessPath = C:\Users\nadee\Downloads\Emotion-Recognition\python-3.10.11-amd64.exe
[8D78:34A8][2026-05-11T22:09:21]i410: Variable: WixBundleTag = 
[8D78:34A8][2026-05-11T22:09:21]i410: Variable: WixBundleUILevel = 2
[8D78:34A8][2026-05-11T22:09:21]i410: Variable: WixBundleVersion = 3.10.11150.0
[8D78:34A8][2026-05-11T22:09:21]i007: Exit code: 0x0, restarting: No
